pre|shape=1.5249238|r_strongest=2060|slew_margin=0|cap_margin=0|initial_sizing=false
buf|0|BUF_X4|2060|3.29589837e-14
buf|1|BUF_X2|4060.00024|1.64794919e-14
buf|2|BUF_X1|8060|8.23974593e-15
lowest|BUF_X1
annot|load/A|default|2.00000003e-10
drv|2|load/Z
net|load/Z|true|true|true|800000|true
fo|1|50|49
dslew|2.04622319e-10|2.00000003e-10|-4.62231642e-12
rds|load/Z|BUF_X1|1.78499996e-14
rdsc|BUF_X1|true|2.00000003e-10|8.79998852e-12|1
rdsc|BUF_X2|true|2.00000003e-10|0|1.29999995
rdsc|BUF_X4|true|2.00000003e-10|0|2
rdsel|BUF_X2
dresize|BUF_X2
dslew2|1.35796457e-10|2.00000003e-10|6.42035453e-11
lslew|1.35796457e-10|1.00000002e+30|1.00000002e+30|annot=false
cap|1.7810001e-14|1.19999998e-13|0|true
stdrvr|load/Z|0|2
st|0|3821700|1400|0|load/Z,
st|1|3999800|1400|0|out1,
flags|wl=178100|max_length=800000|repair_cap=false|repair_load_slew=false|repair_wire=false|max_cap=1.00000002e+30
bn|0|wire|3821700|1400|1.7810001e-14|1|1.00000002e+30|-1|-
bn|1|load|3999800|1400|0|1|1.00000002e+30|-1|out1
drv|1|drv/Z
net|drv/Z|true|true|true|800000|true
fo|1|50|49
dslew|2.88317414e-09|2.00000003e-10|-2.68317413e-09
rds|drv/Z|BUF_X1|3.81699988e-13
rdsc|BUF_X1|true|2.00000003e-10|2.85960655e-09|1
rdsc|BUF_X2|true|2.00000003e-10|1.33280664e-09|1.29999995
rdsc|BUF_X4|true|2.00000003e-10|5.69406688e-10|2
rdsel|BUF_X4
dresize|BUF_X4
dslew2|6.62988608e-10|2.00000003e-10|-4.62988592e-10
slc0|2060|2.0000000267028639e-10|1.9417475987406445e-13|2.2528949539246668e-10
slc|0|1.9417475987406445e-13|2.2528949539246668e-10
slc|0|9.7087379937032224e-14|3.1114749665661634e-11
slc|4.8543689968516112e-14|9.7087379937032224e-14|3.1114749665661634e-11
slc|7.2815534952774168e-14|9.7087379937032224e-14|3.1114749665661634e-11
slc|7.2815534952774168e-14|8.4951457444903203e-14|6.8429151234283836e-12
slc|7.8883496198838679e-14|8.4951457444903203e-14|6.8429151234283836e-12
slc|7.8883496198838679e-14|8.1917476821870941e-14|7.7494954897616708e-13
slc|8.0400486510354804e-14|8.1917476821870941e-14|7.7494954897616708e-13
slewcap|8.11589836e-14|2.00000003e-10
lslew|6.62988608e-10|2.00000003e-10|1.00000002e+30|annot=true
cap|3.81579994e-13|9.00000018e-14|0|true
stdrvr|drv/Z|0|2
st|0|22500|1400|0|drv/Z,
st|1|3820300|1400|0|load/A,
flags|wl=3797800|max_length=800000|repair_cap=true|repair_load_slew=true|repair_wire=true|max_cap=9.00000018e-14
bn|0|wire|22500|1400|3.81579994e-13|0|2.00000003e-10|-1|-
bn|1|load|3820300|1400|1.79999986e-15|0|2.00000003e-10|-1|load/A
l|1|load/A|1.79999986e-15|2.00000003e-10
w|0|22500|1400|3820300|1400|len=3797800|wl=3797800|wl_ref=0|res=800000|cap=2.00000003e-10|ref_cap=1.79999986e-15|load_cap=3.81580005e-13|r_drvr=2060|load_slew=1.64273168e-09|mls=2.00000003e-10|mlsm=2.00000003e-10|cell=BUF_X4
wquad|0.000121993908|4.1419591e-07|-1.96291997e-10|0.000421567296
wsplit|0|lenv=true|capv=true|slewv=true|split=800000
wbuf|0|buf_dist=760000|3060300|1400
rep|0|wire|3060300|1400|BUF_X4|load/A,
rtsd|wire1/Z|pin=1.79999986e-15|wire=7.57500006e-14|pi=true
rts|wire1/Z|BUF_X4|7.75499998e-14|BUF_X4
repd|wire1|net1|BUF_X4|3060300|0|3.39999999e-15|0|2.00000003e-10
wpost|0|len=3037800|load_cap=3.07180004e-13|ref_cap=3.39999999e-15|load_slew=1.25270477e-09|mlsm=2.00000003e-10|cell=BUF_X4|rfo=0|mls=2.00000003e-10
wquad|0.000121993908|4.16147799e-07|-1.92996008e-10|0.000413616275
wsplit|0|lenv=true|capv=true|slewv=true|split=800000
wbuf|0|buf_dist=760000|2300300|1400
rep|0|wire|2300300|1400|BUF_X4|wire1/A,
rtsd|wire2/Z|pin=3.39999999e-15|wire=7.57800059e-14|pi=true
rts|wire2/Z|BUF_X4|7.91800029e-14|BUF_X4
repd|wire2|net2|BUF_X4|2300300|0|3.39999999e-15|0|2.00000003e-10
wpost|0|len=2277800|load_cap=2.31180003e-13|ref_cap=3.39999999e-15|load_slew=8.89177079e-10|mlsm=2.00000003e-10|cell=BUF_X4|rfo=0|mls=2.00000003e-10
wquad|0.000121993908|4.16147799e-07|-1.92996008e-10|0.000413616275
wsplit|0|lenv=true|capv=true|slewv=true|split=800000
wbuf|0|buf_dist=760000|1540300|1400
rep|0|wire|1540300|1400|BUF_X4|wire2/A,
rtsd|wire3/Z|pin=3.39999999e-15|wire=7.57800059e-14|pi=true
rts|wire3/Z|BUF_X4|7.91800029e-14|BUF_X4
repd|wire3|net3|BUF_X4|1540300|0|3.39999999e-15|0|2.00000003e-10
wpost|0|len=1517800|load_cap=1.55180002e-13|ref_cap=3.39999999e-15|load_slew=5.60881232e-10|mlsm=2.00000003e-10|cell=BUF_X4|rfo=0|mls=2.00000003e-10
wquad|0.000121993908|4.16147799e-07|-1.92996008e-10|0.000413616275
wsplit|0|lenv=true|capv=true|slewv=true|split=758900
wbuf|0|buf_dist=720955|819345|1400
rep|0|wire|819345|1400|BUF_X4|wire3/A,
rtsd|wire4/Z|pin=3.39999999e-15|wire=7.18755093e-14|pi=true
rts|wire4/Z|BUF_X4|7.52755063e-14|BUF_X4
repd|wire4|net4|BUF_X4|819345|0|3.39999999e-15|0|2.00000003e-10
wpost|0|len=796845|load_cap=8.30845011e-14|ref_cap=3.39999999e-15|load_slew=2.82014865e-10|mlsm=2.00000003e-10|cell=BUF_X4|rfo=0|mls=2.00000003e-10
wquad|0.000121993908|4.16147799e-07|-1.92996008e-10|0.000413616275
wsplit|0|lenv=false|capv=false|slewv=true|split=827232
wbuf|0|buf_dist=796845|22500|1400
rep|0|wire|22500|1400|BUF_X4|wire4/A,
rtsd|wire5/Z|pin=3.39999999e-15|wire=7.94645044e-14|pi=true
rts|wire5/Z|BUF_X4|8.28645014e-14|BUF_X4
repd|wire5|net5|BUF_X4|22500|0|3.39999999e-15|0|2.00000003e-10
wpost|0|len=0|load_cap=3.39999999e-15|ref_cap=3.39999999e-15|load_slew=1.06805663e-11|mlsm=2.00000003e-10|cell=BUF_X1|rfo=0|mls=2.00000003e-10
wexit|0|3.39999999e-15|0|2.00000003e-10
drv|0|in1
net|in1|true|true|true|800000|true
fo|1|50|49
dslew|0|1.00000002e+30|1.00000002e+30
lslew|0|2.00000003e-10|1.00000002e+30|annot=false
cap|0|-1.00000002e+30|0|false
stdrvr|in1|0|2
st|0|200|1400|0|in1,
st|1|20300|1400|0|drv/A,
flags|wl=20100|max_length=800000|repair_cap=false|repair_load_slew=false|repair_wire=false|max_cap=1.00000002e+30
bn|0|wire|200|1400|5.40999986e-15|0|2.00000003e-10|-1|-
bn|1|load|20300|1400|3.39999999e-15|0|2.00000003e-10|-1|drv/A
